<?xml version="1.0" ?>
<testsuites disabled="0" errors="0" failures="0" tests="5" time="20.641587257385254">
	<testsuite disabled="0" errors="0" failures="0" name="Open-CE tests for open-ce-builder with labels: long,distributed" skipped="0" tests="5" time="20.641587257385254">
		<testcase name="Create conda environment opence-conda-env-20220830085306" time="16.899157" timestamp="1661863986.4111629" classname="open-ce-builder:test-conda-env2.yaml" class="open-ce-builder:test-conda-env2.yaml" file="Prefix-tests/open-ce-tests.yaml"/>
		<testcase name="Test Long" time="0.642896" timestamp="1661864003.310868" classname="open-ce-builder:test-conda-env2.yaml" class="open-ce-builder:test-conda-env2.yaml" file="tests/open-ce-tests.yaml"/>
		<testcase name="Test Distributed" time="0.643333" timestamp="1661864003.954314" classname="open-ce-builder:test-conda-env2.yaml" class="open-ce-builder:test-conda-env2.yaml" file="tests/open-ce-tests.yaml"/>
		<testcase name="Test Long and Distributed" time="0.622972" timestamp="1661864004.5981073" classname="open-ce-builder:test-conda-env2.yaml" class="open-ce-builder:test-conda-env2.yaml" file="tests/open-ce-tests.yaml"/>
		<testcase name="Remove conda environment opence-conda-env-20220830085306" time="1.833229" timestamp="1661864005.2215822" classname="open-ce-builder:test-conda-env2.yaml" class="open-ce-builder:test-conda-env2.yaml" file="Postfix-tests/open-ce-tests.yaml"/>
	</testsuite>
</testsuites>
